// Jest Snapshot v1, https://goo.gl/fbAQLP

exports[`<Checkbox/> matches snapshot 1`] = `
<body>
  <div>
    <label
      class="flex justify-start items-start"
      for="checkbox-name"
    >
      <div
        class="bg-white border-2 rounded border-gray-400 w-6 h-6 flex flex-shrink-0 justify-center items-center mr-2 focus-within:border-blue-500"
      >
        <input
          class="opacity-0 absolute svelte-hy0kbl"
          id="checkbox-name"
          name="checkbox-name"
          type="checkbox"
        />
         
        <svg
          class="fill-current hidden w-4 h-4 text-green-500 pointer-events-none svelte-hy0kbl"
          viewBox="0 0 20 20"
        >
          <path
            d="M0 11l2-2 5 5L18 3l2 2L7 18z"
          />
        </svg>
      </div>
       
      <div
        class="select-none"
      >
        MyLabel
      </div>
    </label>
  </div>
</body>
`;
