// Jest Snapshot v1, https://goo.gl/fbAQLP

exports[`<Button/> matches snapshot 1`] = `
<body>
  <div>
    <button
      class="text-black rounded"
      type="button"
    >
      Missing content
    </button>
  </div>
</body>
`;
